// Vitest Snapshot v1, https://vitest.dev/guide/snapshot.html

exports[`enum can be parsed > throws an error if the value does not pass validation 1`] = `
[
  [
    "Cannot run command, you made some mistakes:

Invalid argument (via environment variable "cli_param_foo") for parameter: "foo". The error was:
Invalid option: expected one of "a"|"b"|"c"

Here are the docs for this command:

",
  ],
  [
    "                                                                                  
PARAMETERS                                                                        
                                                                                  
  Name     Type                       Default       Environment (1)               
                                                                                  
  foo      'a' | 'b' | 'c'             REQUIRED     ✓                             
                                                                                  
                                                                                  
  NOTES                                                                           
  ━━━━━                                                                           
  (1)   Parameters can be passed arguments via environment variables. Command line
        → CLI_PARAMETER_FOO="..."                                                 
",
  ],
]
`;
